This is pdfTeX, Version 3.141592653-2.6-1.40.28 (TeX Live 2025) (preloaded format=pdflatex 2025.11.17)  14 MAY 2026 14:47
entering extended mode
 restricted \write18 enabled.
 %&-line parsing enabled.
**thesis.tex
(./thesis.tex
LaTeX2e <2025-11-01>
L3 programming layer <2025-11-06>
(c:/texlive/2025/texmf-dist/tex/latex/base/report.cls
Document Class: report 2025/01/22 v1.4n Standard LaTeX document class
(c:/texlive/2025/texmf-dist/tex/latex/base/size12.clo
File: size12.clo 2025/01/22 v1.4n Standard LaTeX file (size option)
)
\c@part=\count275
\c@chapter=\count276
\c@section=\count277
\c@subsection=\count278
\c@subsubsection=\count279
\c@paragraph=\count280
\c@subparagraph=\count281
\c@figure=\count282
\c@table=\count283
\abovecaptionskip=\skip49
\belowcaptionskip=\skip50
\bibindent=\dimen148
)
(c:/texlive/2025/texmf-dist/tex/latex/amsmath/amsmath.sty
Package: amsmath 2025/07/09 v2.17z AMS math features
\@mathmargin=\skip51

For additional information on amsmath, use the `?' option.
(c:/texlive/2025/texmf-dist/tex/latex/amsmath/amstext.sty
Package: amstext 2024/11/17 v2.01 AMS text

(c:/texlive/2025/texmf-dist/tex/latex/amsmath/amsgen.sty
File: amsgen.sty 1999/11/30 v2.0 generic functions
\@emptytoks=\toks17
\ex@=\dimen149
))
(c:/texlive/2025/texmf-dist/tex/latex/amsmath/amsbsy.sty
Package: amsbsy 1999/11/29 v1.2d Bold Symbols
\pmbraise@=\dimen150
)
(c:/texlive/2025/texmf-dist/tex/latex/amsmath/amsopn.sty
Package: amsopn 2022/04/08 v2.04 operator names
)
\inf@bad=\count284
LaTeX Info: Redefining \frac on input line 233.
\uproot@=\count285
\leftroot@=\count286
LaTeX Info: Redefining \overline on input line 398.
LaTeX Info: Redefining \colon on input line 409.
\classnum@=\count287
\DOTSCASE@=\count288
LaTeX Info: Redefining \ldots on input line 495.
LaTeX Info: Redefining \dots on input line 498.
LaTeX Info: Redefining \cdots on input line 619.
\Mathstrutbox@=\box53
\strutbox@=\box54
LaTeX Info: Redefining \big on input line 721.
LaTeX Info: Redefining \Big on input line 722.
LaTeX Info: Redefining \bigg on input line 723.
LaTeX Info: Redefining \Bigg on input line 724.
\big@size=\dimen151
LaTeX Font Info:    Redeclaring font encoding OML on input line 742.
LaTeX Font Info:    Redeclaring font encoding OMS on input line 743.
\macc@depth=\count289
LaTeX Info: Redefining \bmod on input line 904.
LaTeX Info: Redefining \pmod on input line 909.
LaTeX Info: Redefining \smash on input line 939.
LaTeX Info: Redefining \relbar on input line 969.
LaTeX Info: Redefining \Relbar on input line 970.
\c@MaxMatrixCols=\count290
\dotsspace@=\muskip17
\c@parentequation=\count291
\dspbrk@lvl=\count292
\tag@help=\toks18
\row@=\count293
\column@=\count294
\maxfields@=\count295
\andhelp@=\toks19
\eqnshift@=\dimen152
\alignsep@=\dimen153
\tagshift@=\dimen154
\tagwidth@=\dimen155
\totwidth@=\dimen156
\lineht@=\dimen157
\@envbody=\toks20
\multlinegap=\skip52
\multlinetaggap=\skip53
\mathdisplay@stack=\toks21
LaTeX Info: Redefining \[ on input line 2950.
LaTeX Info: Redefining \] on input line 2951.
)
(c:/texlive/2025/texmf-dist/tex/latex/amsfonts/amsfonts.sty
Package: amsfonts 2013/01/14 v3.01 Basic AMSFonts support
\symAMSa=\mathgroup4
\symAMSb=\mathgroup5
LaTeX Font Info:    Redeclaring math symbol \hbar on input line 98.
LaTeX Font Info:    Overwriting math alphabet `\mathfrak' in version `bold'
(Font)                  U/euf/m/n --> U/euf/b/n on input line 106.
)
(c:/texlive/2025/texmf-dist/tex/latex/amsfonts/amssymb.sty
Package: amssymb 2013/01/14 v3.01 AMS font symbols
)
(c:/texlive/2025/texmf-dist/tex/latex/amscls/amsthm.sty
Package: amsthm 2020/05/29 v2.20.6
\thm@style=\toks22
\thm@bodyfont=\toks23
\thm@headfont=\toks24
\thm@notefont=\toks25
\thm@headpunct=\toks26
\thm@preskip=\skip54
\thm@postskip=\skip55
\thm@headsep=\skip56
\dth@everypar=\toks27
)
(c:/texlive/2025/texmf-dist/tex/latex/base/newlfont.sty
Package: newlfont 1998/08/17 v2.2m Standard LaTeX package
LaTeX Info: Redefining \em on input line 57.

(c:/texlive/2025/texmf-dist/tex/latex/base/latexsym.sty
Package: latexsym 1998/08/17 v2.2e Standard LaTeX package (lasy symbols)
\symlasy=\mathgroup6
LaTeX Font Info:    Overwriting symbol font `lasy' in version `bold'
(Font)                  U/lasy/m/n --> U/lasy/b/n on input line 52.
))
(c:/texlive/2025/texmf-dist/tex/latex/graphics/epsfig.sty
Package: epsfig 2024/01/14 v1.7b (e)psfig emulation (SPQR)

(c:/texlive/2025/texmf-dist/tex/latex/graphics/graphicx.sty
Package: graphicx 2024/12/31 v1.2e Enhanced LaTeX Graphics (DPC,SPQR)

(c:/texlive/2025/texmf-dist/tex/latex/graphics/keyval.sty
Package: keyval 2022/05/29 v1.15 key=value parser (DPC)
\KV@toks@=\toks28
)
(c:/texlive/2025/texmf-dist/tex/latex/graphics/graphics.sty
Package: graphics 2024/08/06 v1.4g Standard LaTeX Graphics (DPC,SPQR)

(c:/texlive/2025/texmf-dist/tex/latex/graphics/trig.sty
Package: trig 2023/12/02 v1.11 sin cos tan (DPC)
)
(c:/texlive/2025/texmf-dist/tex/latex/graphics-cfg/graphics.cfg
File: graphics.cfg 2016/06/04 v1.11 sample graphics configuration
)
Package graphics Info: Driver file: pdftex.def on input line 106.

(c:/texlive/2025/texmf-dist/tex/latex/graphics-def/pdftex.def
File: pdftex.def 2025/09/29 v1.2d Graphics/color driver for pdftex
))
\Gin@req@height=\dimen158
\Gin@req@width=\dimen159
)
\epsfxsize=\dimen160
\epsfysize=\dimen161
)
(./UPCSTHESIS.sty
Document Style Option `upcsthesis'.
) (./UPCSINC1.sty
\tclineskip=\skip57
) (./LTX.sty
Package: LTX 1998/03/09 v0.1 forward/backward DVI searching
\PAGETOP=\count296
\LASTLINE=\count297
\INPSP=\count298
)
(c:/texlive/2025/texmf-dist/tex/latex/subfigure/subfigure.sty
Package: subfigure 2002/03/15 v2.1.5 subfigure package
\subfigtopskip=\skip58
\subfigcapskip=\skip59
\subfigcaptopadj=\dimen162
\subfigbottomskip=\skip60
\subfigcapmargin=\dimen163
\subfiglabelskip=\skip61
\c@subfigure=\count299
\c@lofdepth=\count300
\c@subtable=\count301
\c@lotdepth=\count302

****************************************
* Local config file subfigure.cfg used *
****************************************
(c:/texlive/2025/texmf-dist/tex/latex/subfigure/subfigure.cfg)
\subfig@top=\skip62
\subfig@bottom=\skip63
)
(c:/texlive/2025/texmf-dist/tex/latex/listings/listings.sty
\lst@mode=\count303
\lst@gtempboxa=\box55
\lst@token=\toks29
\lst@length=\count304
\lst@currlwidth=\dimen164
\lst@column=\count305
\lst@pos=\count306
\lst@lostspace=\dimen165
\lst@width=\dimen166
\lst@newlines=\count307
\lst@lineno=\count308
\lst@maxwidth=\dimen167

(c:/texlive/2025/texmf-dist/tex/latex/listings/lstpatch.sty
File: lstpatch.sty 2025/11/14 1.11a (Carsten Heinz)
)
(c:/texlive/2025/texmf-dist/tex/latex/listings/lstmisc.sty
File: lstmisc.sty 2025/11/14 1.11a (Carsten Heinz)
\c@lstnumber=\count309
\lst@skipnumbers=\count310
\lst@framebox=\box56
)
(c:/texlive/2025/texmf-dist/tex/latex/listings/listings.cfg
File: listings.cfg 2025/11/14 1.11a listings configuration
))
Package: listings 2025/11/14 1.11a (Carsten Heinz)

==> First Aid for listings.sty no longer applied!
    Expected:
        2024/09/23 1.10c (Carsten Heinz)
    but found:
        2025/11/14 1.11a (Carsten Heinz)
    so I'm assuming it got fixed.
(c:/texlive/2025/texmf-dist/tex/latex/tools/array.sty
Package: array 2025/09/25 v2.6n Tabular extension package (FMi)
\col@sep=\dimen168
\ar@mcellbox=\box57
\extrarowheight=\dimen169
\NC@list=\toks30
\extratabsurround=\skip64
\backup@length=\skip65
\ar@cellbox=\box58
)
(c:/texlive/2025/texmf-dist/tex/latex/xcolor/xcolor.sty
Package: xcolor 2024/09/29 v3.02 LaTeX color extensions (UK)

(c:/texlive/2025/texmf-dist/tex/latex/graphics-cfg/color.cfg
File: color.cfg 2016/01/02 v1.6 sample color configuration
)
Package xcolor Info: Driver file: pdftex.def on input line 274.

(c:/texlive/2025/texmf-dist/tex/latex/graphics/mathcolor.ltx)
Package xcolor Info: Model `cmy' substituted by `cmy0' on input line 1349.
Package xcolor Info: Model `hsb' substituted by `rgb' on input line 1353.
Package xcolor Info: Model `RGB' extended on input line 1365.
Package xcolor Info: Model `HTML' substituted by `rgb' on input line 1367.
Package xcolor Info: Model `Hsb' substituted by `hsb' on input line 1368.
Package xcolor Info: Model `tHsb' substituted by `hsb' on input line 1369.
Package xcolor Info: Model `HSB' substituted by `hsb' on input line 1370.
Package xcolor Info: Model `Gray' substituted by `gray' on input line 1371.
Package xcolor Info: Model `wave' substituted by `hsb' on input line 1372.
)
(c:/texlive/2025/texmf-dist/tex/latex/colortbl/colortbl.sty
Package: colortbl 2024/10/29 v1.0k Color table columns (DPC)
\everycr=\toks31
\minrowclearance=\skip66
\rownum=\count311
)
(c:/texlive/2025/texmf-dist/tex/latex/url/url.sty
\Urlmuskip=\muskip18
Package: url 2013/09/16  ver 3.4  Verb mode for urls, etc.
) (./fancyhdr.sty
\fancy@headwidth=\skip67
\f@ncyO@elh=\skip68
\f@ncyO@erh=\skip69
\f@ncyO@olh=\skip70
\f@ncyO@orh=\skip71
\f@ncyO@elf=\skip72
\f@ncyO@erf=\skip73
\f@ncyO@olf=\skip74
\f@ncyO@orf=\skip75
)
(c:/texlive/2025/texmf-dist/tex/latex/graphics/lscape.sty
Package: lscape 2020/05/28 v3.02 Landscape Pages (DPC)
)
(c:/texlive/2025/texmf-dist/tex/latex/float/float.sty
Package: float 2001/11/08 v1.3d Float enhancements (AL)
\c@float@type=\count312
\float@exts=\toks32
\float@box=\box59
\@float@everytoks=\toks33
\@floatcapt=\box60
)
(c:/texlive/2025/texmf-dist/tex/latex/booktabs/booktabs.sty
Package: booktabs 2020/01/12 v1.61803398 Publication quality tables
\heavyrulewidth=\dimen170
\lightrulewidth=\dimen171
\cmidrulewidth=\dimen172
\belowrulesep=\dimen173
\belowbottomsep=\dimen174
\aboverulesep=\dimen175
\abovetopsep=\dimen176
\cmidrulesep=\dimen177
\cmidrulekern=\dimen178
\defaultaddspace=\dimen179
\@cmidla=\count313
\@cmidlb=\count314
\@aboverulesep=\dimen180
\@belowrulesep=\dimen181
\@thisruleclass=\count315
\@lastruleclass=\count316
\@thisrulewidth=\dimen182
)
(c:/texlive/2025/texmf-dist/tex/latex/caption/caption.sty
Package: caption 2023/08/05 v3.6o Customizing captions (AR)

(c:/texlive/2025/texmf-dist/tex/latex/caption/caption3.sty
Package: caption3 2023/07/31 v2.4d caption3 kernel (AR)
\caption@tempdima=\dimen183
\captionmargin=\dimen184
\caption@leftmargin=\dimen185
\caption@rightmargin=\dimen186
\caption@width=\dimen187
\caption@indent=\dimen188
\caption@parindent=\dimen189
\caption@hangindent=\dimen190
Package caption Info: Standard document class detected.
)
\c@caption@flags=\count317
\c@continuedfloat=\count318
Package caption Info: float package is loaded.
Package caption Info: listings package is loaded.
Package caption Info: subfigure package is loaded.
)
(c:/texlive/2025/texmf-dist/tex/latex/siunitx/siunitx.sty
Package: siunitx 2025-07-09 v3.4.14 A comprehensive (SI) units package
\l__siunitx_number_uncert_offset_int=\count319
\l__siunitx_number_exponent_fixed_int=\count320
\l__siunitx_number_min_decimal_int=\count321
\l__siunitx_number_min_integer_int=\count322
\l__siunitx_number_round_precision_int=\count323
\l__siunitx_number_lower_threshold_int=\count324
\l__siunitx_number_upper_threshold_int=\count325
\l__siunitx_number_group_first_int=\count326
\l__siunitx_number_group_size_int=\count327
\l__siunitx_number_group_minimum_int=\count328
\l__siunitx_angle_tmp_dim=\dimen191
\l__siunitx_angle_marker_box=\box61
\l__siunitx_angle_unit_box=\box62
\l__siunitx_compound_count_int=\count329

(c:/texlive/2025/texmf-dist/tex/latex/translations/translations.sty
Package: translations 2022/02/05 v1.12 internationalization of LaTeX2e packages
 (CN)

(c:/texlive/2025/texmf-dist/tex/latex/etoolbox/etoolbox.sty
Package: etoolbox 2025/10/02 v2.5m e-TeX tools for LaTeX (JAW)
\etb@tempcnta=\count330
)
(c:/texlive/2025/texmf-dist/tex/generic/pdftexcmds/pdftexcmds.sty
Package: pdftexcmds 2020-06-27 v0.33 Utility functions of pdfTeX for LuaTeX (HO
)

(c:/texlive/2025/texmf-dist/tex/generic/infwarerr/infwarerr.sty
Package: infwarerr 2019/12/03 v1.5 Providing info/warning/error messages (HO)
)
(c:/texlive/2025/texmf-dist/tex/generic/iftex/iftex.sty
Package: iftex 2024/12/12 v1.0g TeX engine tests
)
(c:/texlive/2025/texmf-dist/tex/generic/ltxcmds/ltxcmds.sty
Package: ltxcmds 2023-12-04 v1.26 LaTeX kernel commands for general use (HO)
)
Package pdftexcmds Info: \pdf@primitive is available.
Package pdftexcmds Info: \pdf@ifprimitive is available.
Package pdftexcmds Info: \pdfdraftmode found.
))
\l__siunitx_table_tmp_box=\box63
\l__siunitx_table_tmp_dim=\dimen192
\l__siunitx_table_column_width_dim=\dimen193
\l__siunitx_table_integer_box=\box64
\l__siunitx_table_decimal_box=\box65
\l__siunitx_table_uncert_box=\box66
\l__siunitx_table_before_box=\box67
\l__siunitx_table_after_box=\box68
\l__siunitx_table_before_dim=\dimen194
\l__siunitx_table_carry_dim=\dimen195
\l__siunitx_unit_tmp_int=\count331
\l__siunitx_unit_position_int=\count332
\l__siunitx_unit_total_int=\count333
)
(c:/texlive/2025/texmf-dist/tex/latex/hyperref/hyperref.sty
Package: hyperref 2025-07-12 v7.01o Hypertext links for LaTeX

(c:/texlive/2025/texmf-dist/tex/latex/kvsetkeys/kvsetkeys.sty
Package: kvsetkeys 2022-10-05 v1.19 Key value parser (HO)
)
(c:/texlive/2025/texmf-dist/tex/generic/kvdefinekeys/kvdefinekeys.sty
Package: kvdefinekeys 2019-12-19 v1.6 Define keys (HO)
)
(c:/texlive/2025/texmf-dist/tex/generic/pdfescape/pdfescape.sty
Package: pdfescape 2019/12/09 v1.15 Implements pdfTeX's escape features (HO)
)
(c:/texlive/2025/texmf-dist/tex/latex/hycolor/hycolor.sty
Package: hycolor 2020-01-27 v1.10 Color options for hyperref/bookmark (HO)
)
(c:/texlive/2025/texmf-dist/tex/latex/hyperref/nameref.sty
Package: nameref 2025-06-21 v2.57 Cross-referencing by name of section

(c:/texlive/2025/texmf-dist/tex/latex/refcount/refcount.sty
Package: refcount 2019/12/15 v3.6 Data extraction from label references (HO)
)
(c:/texlive/2025/texmf-dist/tex/generic/gettitlestring/gettitlestring.sty
Package: gettitlestring 2019/12/15 v1.6 Cleanup title references (HO)

(c:/texlive/2025/texmf-dist/tex/latex/kvoptions/kvoptions.sty
Package: kvoptions 2022-06-15 v3.15 Key value format for package options (HO)
))
\c@section@level=\count334
)
(c:/texlive/2025/texmf-dist/tex/generic/stringenc/stringenc.sty
Package: stringenc 2019/11/29 v1.12 Convert strings between diff. encodings (HO
)
)
\@linkdim=\dimen196
\Hy@linkcounter=\count335
\Hy@pagecounter=\count336

(c:/texlive/2025/texmf-dist/tex/latex/hyperref/pd1enc.def
File: pd1enc.def 2025-07-12 v7.01o Hyperref: PDFDocEncoding definition (HO)
Now handling font encoding PD1 ...
... no UTF-8 mapping file for font encoding PD1
)
(c:/texlive/2025/texmf-dist/tex/generic/intcalc/intcalc.sty
Package: intcalc 2019/12/15 v1.3 Expandable calculations with integers (HO)
)
\Hy@SavedSpaceFactor=\count337

(c:/texlive/2025/texmf-dist/tex/latex/hyperref/puenc.def
File: puenc.def 2025-07-12 v7.01o Hyperref: PDF Unicode definition (HO)
Now handling font encoding PU ...
... no UTF-8 mapping file for font encoding PU
)
Package hyperref Info: Hyper figures OFF on input line 4195.
Package hyperref Info: Link nesting OFF on input line 4200.
Package hyperref Info: Hyper index ON on input line 4203.
Package hyperref Info: Plain pages OFF on input line 4210.
Package hyperref Info: Backreferencing OFF on input line 4215.
Package hyperref Info: Implicit mode ON; LaTeX internals redefined.
Package hyperref Info: Bookmarks ON on input line 4462.
\c@Hy@tempcnt=\count338
LaTeX Info: Redefining \url on input line 4801.
\XeTeXLinkMargin=\dimen197

(c:/texlive/2025/texmf-dist/tex/generic/bitset/bitset.sty
Package: bitset 2019/12/09 v1.3 Handle bit-vector datatype (HO)

(c:/texlive/2025/texmf-dist/tex/generic/bigintcalc/bigintcalc.sty
Package: bigintcalc 2019/12/15 v1.5 Expandable calculations on big integers (HO
)
))
\Fld@menulength=\count339
\Field@Width=\dimen198
\Fld@charsize=\dimen199
Package hyperref Info: Hyper figures OFF on input line 6078.
Package hyperref Info: Link nesting OFF on input line 6083.
Package hyperref Info: Hyper index ON on input line 6086.
Package hyperref Info: backreferencing OFF on input line 6093.
Package hyperref Info: Link coloring OFF on input line 6098.
Package hyperref Info: Link coloring with OCG OFF on input line 6103.
Package hyperref Info: PDF/A mode OFF on input line 6108.
\Hy@abspage=\count340
\c@Item=\count341
\c@Hfootnote=\count342
)
Package hyperref Info: Driver (autodetected): hpdftex.

(c:/texlive/2025/texmf-dist/tex/latex/hyperref/hpdftex.def
File: hpdftex.def 2025-07-12 v7.01o Hyperref driver for pdfTeX
\Fld@listcount=\count343
\c@bookmark@seq@number=\count344

(c:/texlive/2025/texmf-dist/tex/latex/rerunfilecheck/rerunfilecheck.sty
Package: rerunfilecheck 2025-06-21 v1.11 Rerun checks for auxiliary files (HO)

(c:/texlive/2025/texmf-dist/tex/generic/uniquecounter/uniquecounter.sty
Package: uniquecounter 2019/12/15 v1.4 Provide unlimited unique counter (HO)
)
Package uniquecounter Info: New unique counter `rerunfilecheck' on input line 2
84.
)
\Hy@SectionHShift=\skip76
)
(c:/texlive/2025/texmf-dist/tex/latex/enumitem/enumitem.sty
Package: enumitem 2025/02/06 v3.11 Customized lists
\labelindent=\skip77
\enit@outerparindent=\dimen256
\enit@toks=\toks34
\enit@inbox=\box69
\enit@count@id=\count345
\enitdp@description=\count346
)
(c:/texlive/2025/texmf-dist/tex/latex/titlesec/titlesec.sty
Package: titlesec 2025/01/04 v2.17 Sectioning titles
\ttl@box=\box70
\beforetitleunit=\skip78
\aftertitleunit=\skip79
\ttl@plus=\dimen257
\ttl@minus=\dimen258
\ttl@toksa=\toks35
\titlewidth=\dimen259
\titlewidthlast=\dimen260
\titlewidthfirst=\dimen261
)
(c:/texlive/2025/texmf-dist/tex/latex/biblatex/biblatex.sty
Package: biblatex 2025/07/10 v3.21 programmable bibliographies (PK/MW)

(c:/texlive/2025/texmf-dist/tex/latex/logreq/logreq.sty
Package: logreq 2010/08/04 v1.0 xml request logger
\lrq@indent=\count347

(c:/texlive/2025/texmf-dist/tex/latex/logreq/logreq.def
File: logreq.def 2010/08/04 v1.0 logreq spec v1.0
))
(c:/texlive/2025/texmf-dist/tex/latex/base/ifthen.sty
Package: ifthen 2024/03/16 v1.1e Standard LaTeX ifthen package (DPC)
)
\c@tabx@nest=\count348
\c@listtotal=\count349
\c@listcount=\count350
\c@liststart=\count351
\c@liststop=\count352
\c@citecount=\count353
\c@citetotal=\count354
\c@multicitecount=\count355
\c@multicitetotal=\count356
\c@instcount=\count357
\c@maxnames=\count358
\c@minnames=\count359
\c@maxitems=\count360
\c@minitems=\count361
\c@citecounter=\count362
\c@maxcitecounter=\count363
\c@savedcitecounter=\count364
\c@uniquelist=\count365
\c@uniquename=\count366
\c@refsection=\count367
\c@refsegment=\count368
\c@maxextratitle=\count369
\c@maxextratitleyear=\count370
\c@maxextraname=\count371
\c@maxextradate=\count372
\c@maxextraalpha=\count373
\c@abbrvpenalty=\count374
\c@highnamepenalty=\count375
\c@lownamepenalty=\count376
\c@maxparens=\count377
\c@parenlevel=\count378
\blx@tempcnta=\count379
\blx@tempcntb=\count380
\blx@tempcntc=\count381
\c@blx@maxsection=\count382
\blx@maxsegment@0=\count383
\blx@notetype=\count384
\blx@parenlevel@text=\count385
\blx@parenlevel@foot=\count386
\blx@sectionciteorder@0=\count387
\blx@sectionciteorderinternal@0=\count388
\blx@entrysetcounter=\count389
\blx@biblioinstance=\count390
\labelnumberwidth=\skip80
\labelalphawidth=\skip81
\biblabelsep=\skip82
\bibitemsep=\skip83
\bibnamesep=\skip84
\bibinitsep=\skip85
\bibparsep=\skip86
\bibhang=\skip87
\blx@bcfin=\read2
\blx@bcfout=\write3
\blx@langwohyphens=\language90
\c@mincomprange=\count391
\c@maxcomprange=\count392
\c@mincompwidth=\count393
Package biblatex Info: Trying to load biblatex default data model...
Package biblatex Info: ... file 'blx-dm.def' found.

(c:/texlive/2025/texmf-dist/tex/latex/biblatex/blx-dm.def
File: blx-dm.def 2025/07/10 v3.21 biblatex datamodel (PK/MW)
)
Package biblatex Info: Trying to load biblatex style data model...
Package biblatex Info: ... file 'numeric.dbx' not found.
Package biblatex Info: Trying to load biblatex custom data model...
Package biblatex Info: ... file 'biblatex-dm.cfg' not found.
\c@afterword=\count394
\c@savedafterword=\count395
\c@annotator=\count396
\c@savedannotator=\count397
\c@author=\count398
\c@savedauthor=\count399
\c@bookauthor=\count400
\c@savedbookauthor=\count401
\c@commentator=\count402
\c@savedcommentator=\count403
\c@editor=\count404
\c@savededitor=\count405
\c@editora=\count406
\c@savededitora=\count407
\c@editorb=\count408
\c@savededitorb=\count409
\c@editorc=\count410
\c@savededitorc=\count411
\c@foreword=\count412
\c@savedforeword=\count413
\c@holder=\count414
\c@savedholder=\count415
\c@introduction=\count416
\c@savedintroduction=\count417
\c@namea=\count418
\c@savednamea=\count419
\c@nameb=\count420
\c@savednameb=\count421
\c@namec=\count422
\c@savednamec=\count423
\c@translator=\count424
\c@savedtranslator=\count425
\c@shortauthor=\count426
\c@savedshortauthor=\count427
\c@shorteditor=\count428
\c@savedshorteditor=\count429
\c@labelname=\count430
\c@savedlabelname=\count431
\c@institution=\count432
\c@savedinstitution=\count433
\c@lista=\count434
\c@savedlista=\count435
\c@listb=\count436
\c@savedlistb=\count437
\c@listc=\count438
\c@savedlistc=\count439
\c@listd=\count440
\c@savedlistd=\count441
\c@liste=\count442
\c@savedliste=\count443
\c@listf=\count444
\c@savedlistf=\count445
\c@location=\count446
\c@savedlocation=\count447
\c@organization=\count448
\c@savedorganization=\count449
\c@origlocation=\count450
\c@savedoriglocation=\count451
\c@origpublisher=\count452
\c@savedorigpublisher=\count453
\c@publisher=\count454
\c@savedpublisher=\count455
\c@language=\count456
\c@savedlanguage=\count457
\c@origlanguage=\count458
\c@savedoriglanguage=\count459
\c@pageref=\count460
\c@savedpageref=\count461
\shorthandwidth=\skip88
\shortjournalwidth=\skip89
\shortserieswidth=\skip90
\shorttitlewidth=\skip91
\shortauthorwidth=\skip92
\shorteditorwidth=\skip93
\locallabelnumberwidth=\skip94
\locallabelalphawidth=\skip95
\localshorthandwidth=\skip96
\localshortjournalwidth=\skip97
\localshortserieswidth=\skip98
\localshorttitlewidth=\skip99
\localshortauthorwidth=\skip100
\localshorteditorwidth=\skip101
Package biblatex Info: Trying to load compatibility code...
Package biblatex Info: ... file 'blx-compat.def' found.

(c:/texlive/2025/texmf-dist/tex/latex/biblatex/blx-compat.def
File: blx-compat.def 2025/07/10 v3.21 biblatex compatibility (PK/MW)
)
Package biblatex Info: Trying to load generic definitions...
Package biblatex Info: ... file 'biblatex.def' found.

(c:/texlive/2025/texmf-dist/tex/latex/biblatex/biblatex.def
File: biblatex.def 2025/07/10 v3.21 biblatex compatibility (PK/MW)
\c@textcitecount=\count462
\c@textcitetotal=\count463
\c@textcitemaxnames=\count464
\c@biburlbigbreakpenalty=\count465
\c@biburlbreakpenalty=\count466
\c@biburlnumpenalty=\count467
\c@biburlucpenalty=\count468
\c@biburllcpenalty=\count469
\biburlbigskip=\muskip19
\biburlnumskip=\muskip20
\biburlucskip=\muskip21
\biburllcskip=\muskip22
\c@smartand=\count470
)
Package biblatex Info: Trying to load bibliography style 'numeric'...
Package biblatex Info: ... file 'numeric.bbx' found.

(c:/texlive/2025/texmf-dist/tex/latex/biblatex/bbx/numeric.bbx
File: numeric.bbx 2025/07/10 v3.21 biblatex bibliography style (PK/MW)
Package biblatex Info: Trying to load bibliography style 'standard'...
Package biblatex Info: ... file 'standard.bbx' found.

(c:/texlive/2025/texmf-dist/tex/latex/biblatex/bbx/standard.bbx
File: standard.bbx 2025/07/10 v3.21 biblatex bibliography style (PK/MW)
\c@bbx:relatedcount=\count471
\c@bbx:relatedtotal=\count472
))
Package biblatex Info: Trying to load citation style 'numeric'...
Package biblatex Info: ... file 'numeric.cbx' found.

(c:/texlive/2025/texmf-dist/tex/latex/biblatex/cbx/numeric.cbx
File: numeric.cbx 2025/07/10 v3.21 biblatex citation style (PK/MW)
Package biblatex Info: Redefining '\cite'.
Package biblatex Info: Redefining '\parencite'.
Package biblatex Info: Redefining '\footcite'.
Package biblatex Info: Redefining '\footcitetext'.
Package biblatex Info: Redefining '\smartcite'.
Package biblatex Info: Redefining '\supercite'.
Package biblatex Info: Redefining '\textcite'.
Package biblatex Info: Redefining '\textcites'.
Package biblatex Info: Redefining '\cites'.
Package biblatex Info: Redefining '\parencites'.
Package biblatex Info: Redefining '\smartcites'.
)
Package biblatex Info: Trying to load configuration file...
Package biblatex Info: ... file 'biblatex.cfg' found.

(c:/texlive/2025/texmf-dist/tex/latex/biblatex/biblatex.cfg
File: biblatex.cfg 
)
Package biblatex Info: Input encoding 'utf8' detected.
Package biblatex Info: Document encoding is UTF8 ....

(c:/texlive/2025/texmf-dist/tex/latex/l3kernel/expl3.sty
Package: expl3 2025-11-06 L3 programming layer (loader) 

(c:/texlive/2025/texmf-dist/tex/latex/l3backend/l3backend-pdftex.def
File: l3backend-pdftex.def 2025-10-09 L3 backend support: PDF output (pdfTeX)
\l__color_backend_stack_int=\count473
))
Package biblatex Info: ... and expl3
(biblatex)             2025-11-06 L3 programming layer (loader) 
(biblatex)             is new enough (at least 2020/04/06),
(biblatex)             setting 'casechanger=expl3'.

(c:/texlive/2025/texmf-dist/tex/latex/biblatex/blx-case-expl3.sty
(c:/texlive/2025/texmf-dist/tex/latex/l3packages/xparse/xparse.sty
Package: xparse 2025-10-09 L3 Experimental document command parser
)
Package: blx-case-expl3 2025/07/10 v3.21 expl3 case changing code for biblatex
))
(c:/texlive/2025/texmf-dist/tex/latex/algorithms/algorithm.sty
Package: algorithm 2009/08/24 v0.1 Document Style `algorithm' - floating enviro
nment
\@float@every@algorithm=\toks36
\c@algorithm=\count474
)
(c:/texlive/2025/texmf-dist/tex/latex/algorithmicx/algpseudocode.sty
Package: algpseudocode 

(c:/texlive/2025/texmf-dist/tex/latex/algorithmicx/algorithmicx.sty
Package: algorithmicx 2005/04/27 v1.2 Algorithmicx

Document Style algorithmicx 1.2 - a greatly improved `algorithmic' style
\c@ALG@line=\count475
\c@ALG@rem=\count476
\c@ALG@nested=\count477
\ALG@tlm=\skip102
\ALG@thistlm=\skip103
\c@ALG@Lnr=\count478
\c@ALG@blocknr=\count479
\c@ALG@storecount=\count480
\c@ALG@tmpcounter=\count481
\ALG@tmplength=\skip104
)
Document Style - pseudocode environments for use with the `algorithmicx' style
)
\defbaselineskip=\skip105
\c@thm=\count482
\c@defn=\count483
\c@rem=\count484
Package translations Info: No language package found. I am going to use `englis
h' as default language. on input line 105.
\@quotelevel=\count485
\@quotereset=\count486
 (./thesis.aux (./acknowl.aux) (./abstract.aux) (./chapter1.aux)
(./chapter2.aux) (./chapter3.aux) (./chapter4.aux) (./chapter5.aux)
(./appendix.aux))
\openout1 = `thesis.aux'.

LaTeX Font Info:    Checking defaults for OML/cmm/m/it on input line 105.
LaTeX Font Info:    ... okay on input line 105.
LaTeX Font Info:    Checking defaults for OMS/cmsy/m/n on input line 105.
LaTeX Font Info:    ... okay on input line 105.
LaTeX Font Info:    Checking defaults for OT1/cmr/m/n on input line 105.
LaTeX Font Info:    ... okay on input line 105.
LaTeX Font Info:    Checking defaults for T1/cmr/m/n on input line 105.
LaTeX Font Info:    ... okay on input line 105.
LaTeX Font Info:    Checking defaults for TS1/cmr/m/n on input line 105.
LaTeX Font Info:    ... okay on input line 105.
LaTeX Font Info:    Checking defaults for OMX/cmex/m/n on input line 105.
LaTeX Font Info:    ... okay on input line 105.
LaTeX Font Info:    Checking defaults for U/cmr/m/n on input line 105.
LaTeX Font Info:    ... okay on input line 105.
LaTeX Font Info:    Checking defaults for PD1/pdf/m/n on input line 105.
LaTeX Font Info:    ... okay on input line 105.
LaTeX Font Info:    Checking defaults for PU/pdf/m/n on input line 105.
LaTeX Font Info:    ... okay on input line 105.

(c:/texlive/2025/texmf-dist/tex/context/base/mkii/supp-pdf.mkii
[Loading MPS to PDF converter (version 2006.09.02).]
\scratchcounter=\count487
\scratchdimen=\dimen262
\scratchbox=\box71
\nofMPsegments=\count488
\nofMParguments=\count489
\everyMPshowfont=\toks37
\MPscratchCnt=\count490
\MPscratchDim=\dimen263
\MPnumerator=\count491
\makeMPintoPDFobject=\count492
\everyMPtoPDFconversion=\toks38
) (c:/texlive/2025/texmf-dist/tex/latex/epstopdf-pkg/epstopdf-base.sty
Package: epstopdf-base 2020-01-24 v2.11 Base part for package epstopdf
Package epstopdf-base Info: Redefining graphics rule for `.eps' on input line 4
85.

(c:/texlive/2025/texmf-dist/tex/latex/latexconfig/epstopdf-sys.cfg
File: epstopdf-sys.cfg 2010/07/13 v1.3 Configuration of (r)epstopdf for TeX Liv
e
))
\c@lstlisting=\count493
Package caption Info: Begin \AtBeginDocument code.
Package caption Info: hyperref package is loaded.
Package caption Info: End \AtBeginDocument code.

(c:/texlive/2025/texmf-dist/tex/latex/translations/translations-basic-dictionar
y-english.trsl
File: translations-basic-dictionary-english.trsl (english translation file `tra
nslations-basic-dictionary')
)
Package translations Info: loading dictionary `translations-basic-dictionary' f
or `english'. on input line 105.
Package hyperref Info: Link coloring OFF on input line 105.
 (./thesis.out) (./thesis.out)
\@outlinefile=\write4
\openout4 = `thesis.out'.

Package biblatex Info: Trying to load language 'english'...
Package biblatex Info: ... file 'english.lbx' found.

(c:/texlive/2025/texmf-dist/tex/latex/biblatex/lbx/english.lbx
File: english.lbx 2025/07/10 v3.21 biblatex localization (PK/MW)
)
Package biblatex Info: Input encoding 'utf8' detected.
Package biblatex Info: Automatic encoding selection.
(biblatex)             Assuming data encoding 'utf8'.
\openout3 = `thesis.bcf'.

Package biblatex Info: Trying to load bibliographic data...
Package biblatex Info: ... file 'thesis.bbl' found.
 (./thesis.bbl)
Package biblatex Info: Reference section=0 on input line 105.
Package biblatex Info: Reference segment=0 on input line 105.

:?0000
Most over/underfulls in first few pages are the fault of upcsthesis.
Ignore all them. If uncorrectable errors occur, notify staff.
[1

{c:/texlive/2025/texmf-var/fonts/map/pdftex/updmap/pdftex.map}]
LaTeX Font Info:    Trying to load font information for U+msa on input line 137
.

(c:/texlive/2025/texmf-dist/tex/latex/amsfonts/umsa.fd
File: umsa.fd 2013/01/14 v3.01 AMS symbols A
)
LaTeX Font Info:    Trying to load font information for U+msb on input line 137
.

(c:/texlive/2025/texmf-dist/tex/latex/amsfonts/umsb.fd
File: umsb.fd 2013/01/14 v3.01 AMS symbols B
)
LaTeX Font Info:    Trying to load font information for U+lasy on input line 13
7.

(c:/texlive/2025/texmf-dist/tex/latex/base/ulasy.fd
File: ulasy.fd 1998/08/17 v2.2e LaTeX symbol font definitions
)
Overfull \hbox (18.3713pt too wide) in paragraph at lines 137--137
 [] 
 []


Underfull \hbox (badness 10000) in paragraph at lines 137--137
[]\OT1/cmr/m/n/10.95 This is to cer-tify that this re-search pa-per
 []


Underfull \hbox (badness 10000) in paragraph at lines 137--137
\OT1/cmr/m/n/10.95 ``\OT1/cmr/bx/n/10.95 TRADE-LENS: CNN-BASED TRAD-ING STRAT-E
GY
 []


Underfull \hbox (badness 10000) in paragraph at lines 137--137
\OT1/cmr/bx/n/10.95 WITH IN-TE-GRATED TECH-NI-CAL AND
 []


Underfull \hbox (badness 5022) in paragraph at lines 137--137
\OT1/cmr/bx/n/10.95 MACROE-CO-NOMIC REP-RE-SEN-TA-TIONS\OT1/cmr/m/n/10.95 '', a
nd sub-mit-ted by
 []


Underfull \hbox (badness 7963) in paragraph at lines 137--137
[] \OT1/cmr/m/n/10.95 is hereby
 []


Underfull \hbox (badness 10000) in paragraph at lines 137--137

 []

[2]
Underfull \hbox (badness 10000) in paragraph at lines 137--137

 []


Overfull \hbox (12.76009pt too wide) in paragraph at lines 137--137
[][] 
 []


Underfull \hbox (badness 10000) in paragraph at lines 137--137

 []


Underfull \hbox (badness 10000) in paragraph at lines 137--137

 []


Underfull \hbox (badness 10000) in paragraph at lines 137--137

 []


Underfull \hbox (badness 10000) in paragraph at lines 137--137

 []

[3]
! Extra \else.
\beforepreface ...ront@pages \signaturepage \else 
                                                  \addtocounter {page}{1}\fi 
l.137 \beforepreface
                    
I'm ignoring this; it doesn't match any \if.

:?1111
Acknowledgements
:<+ acknowl.tex
\openout2 = `acknowl.aux'.

(./acknowl.tex [5


]) [6]
:<-
Abstract
:<+ abstract.tex
\openout2 = `abstract.aux'.

(./abstract.tex) [7




]
:<-
\c@ztocpageA=\count494
\c@ztocpageB=\count495
\@defbaselineskip=\skip106
(./thesis.toc [8



])
\tf@toc=\write5
\openout5 = `thesis.toc'.

 [9] (./thesis.lot)
\tf@lot=\write6
\openout6 = `thesis.lot'.

 [10

] [11] (./thesis.lof [12

])
\tf@lof=\write7
\openout7 = `thesis.lof'.

 [13]
UP CS thesis preface pages completed.
:<+ chapter1.tex
\openout2 = `chapter1.aux'.

(./chapter1.tex
Chapter 1.
[1


] [2] [3] [4]
<../figures/CNN-TIC.png, id=472, 1231.60126pt x 103.38625pt>
File: ../figures/CNN-TIC.png Graphic file (type png)
<use ../figures/CNN-TIC.png>
Package pdftex.def Info: ../figures/CNN-TIC.png  used on input line 43.
(pdftex.def)             Requested size: 346.89731pt x 29.11989pt.
 [5 <../figures/CNN-TIC.png>]

Package hyperref Warning: The anchor of a bookmark and its parent's must not
(hyperref)                be the same. Added a new anchor on input line 54.

[6] [7]) [8] [9]
:<-
:<+ chapter2.tex
\openout2 = `chapter2.aux'.

(./chapter2.tex
Chapter 2.
[10




] [11] [12]) [13]
:<-
:<+ chapter3.tex
\openout2 = `chapter3.aux'.

(./chapter3.tex
Chapter 3.
<../figures/Proposed Framework.png, id=552, 1265.72874pt x 472.76625pt>
File: ../figures/Proposed Framework.png Graphic file (type png)
<use ../figures/Proposed Framework.png>
Package pdftex.def Info: ../figures/Proposed Framework.png  used on input line 
5.
(pdftex.def)             Requested size: 433.62pt x 161.95753pt.

Package hyperref Warning: Difference (2) between bookmark levels is greater 
(hyperref)                than one, level fixed on input line 14.

[14




 <../figures/Proposed Framework.png>]

Package hyperref Warning: The anchor of a bookmark and its parent's must not
(hyperref)                be the same. Added a new anchor on input line 19.

[15] [16] [17]
Package hyperref Info: bookmark level for unknown algorithm defaults to 0 on in
put line 75.
 [18] [19]
LaTeX Font Info:    Trying to load font information for OMS+cmr on input line 1
21.
 (c:/texlive/2025/texmf-dist/tex/latex/base/omscmr.fd
File: omscmr.fd 2024/11/19 v2.5n Standard LaTeX font definitions
)
LaTeX Font Info:    Font shape `OMS/cmr/m/n' in size <12> not available
(Font)              Font shape `OMS/cmsy/m/n' tried instead on input line 121.

[20] [21]
<../figures/Technical_Indicator.png, id=615, 688.2513pt x 569.7285pt>
File: ../figures/Technical_Indicator.png Graphic file (type png)
<use ../figures/Technical_Indicator.png>
Package pdftex.def Info: ../figures/Technical_Indicator.png  used on input line
 152.
(pdftex.def)             Requested size: 368.57964pt x 305.11905pt.
 [22]
<../figures/CombinedTechandMacro.png, id=621, 753.2943pt x 642.2394pt>
File: ../figures/CombinedTechandMacro.png Graphic file (type png)
<use ../figures/CombinedTechandMacro.png>
Package pdftex.def Info: ../figures/CombinedTechandMacro.png  used on input lin
e 162.
(pdftex.def)             Requested size: 368.57964pt x 314.23947pt.
 [23 <../figures/Technical_Indicator.png>]
Overfull \hbox (7.78375pt too wide) in paragraph at lines 172--173
\OT1/cmr/m/n/12 par-i-son be-tween the technical-only base-line and the com-bin
ed tech-ni-cal{macroeconomic
 []

[24 <../figures/CombinedTechandMacro.png>]
<../figures/CNN_Architecture.png, id=632, 1445.4pt x 409.53pt>
File: ../figures/CNN_Architecture.png Graphic file (type png)
<use ../figures/CNN_Architecture.png>
Package pdftex.def Info: ../figures/CNN_Architecture.png  used on input line 17
7.
(pdftex.def)             Requested size: 433.62pt x 122.85994pt.
 [25 <../figures/CNN_Architecture.png>] [26{c:/texlive/2025/texmf-dist/fonts/en
c/dvips/cm-super/cm-super-ts1.enc}]
[27]) [28]
:<-
:<+ chapter4.tex
\openout2 = `chapter4.aux'.

(./chapter4.tex
Chapter 4.
[29




]

Package hyperref Warning: The anchor of a bookmark and its parent's must not
(hyperref)                be the same. Added a new anchor on input line 21.

[30]
Overfull \hbox (16.88957pt too wide) in paragraph at lines 29--29
|\OT1/cmr/bx/n/14.4 Experiment 3: SHAP-Based In-ter-pre-ta-tion of CNN--MIC Acr
oss
 []

[31]
Overfull \hbox (6.96039pt too wide) in paragraph at lines 35--36
\OT1/cmr/m/n/12 Walk-Forward Val-i-da-tion, BCV for Blocked Cross-Validation, a
nd BCV-PU for Blocked
 []


Package hyperref Warning: The anchor of a bookmark and its parent's must not
(hyperref)                be the same. Added a new anchor on input line 37.

<../figures/SMI_Val.png, id=672, 1110.0672pt x 544.9158pt>
File: ../figures/SMI_Val.png Graphic file (type png)
<use ../figures/SMI_Val.png>
Package pdftex.def Info: ../figures/SMI_Val.png  used on input line 43.
(pdftex.def)             Requested size: 346.89731pt x 170.28577pt.
[32]
<../figures/AC_Val.png, id=677, 1110.0672pt x 544.9158pt>
File: ../figures/AC_Val.png Graphic file (type png)
<use ../figures/AC_Val.png>
Package pdftex.def Info: ../figures/AC_Val.png  used on input line 44.
(pdftex.def)             Requested size: 346.89731pt x 170.28577pt.
<../figures/JFC_Val.png, id=678, 1110.0672pt x 544.9158pt>
File: ../figures/JFC_Val.png Graphic file (type png)
<use ../figures/JFC_Val.png>
Package pdftex.def Info: ../figures/JFC_Val.png  used on input line 45.
(pdftex.def)             Requested size: 346.89731pt x 170.28577pt.


Package caption Warning: The option `hypcap=true' will be ignored for this
(caption)                particular \caption on input line 47.
See the caption package documentation for explanation.

[33 <../figures/SMI_Val.png> <../figures/AC_Val.png> <../figures/JFC_Val.png>]
<../figures/PHR_Val.png, id=687, 1110.0672pt x 544.9158pt>
File: ../figures/PHR_Val.png Graphic file (type png)
<use ../figures/PHR_Val.png>
Package pdftex.def Info: ../figures/PHR_Val.png  used on input line 54.
(pdftex.def)             Requested size: 346.89731pt x 170.28577pt.
<../figures/ARA_Val.png, id=688, 1110.0672pt x 544.9158pt>
File: ../figures/ARA_Val.png Graphic file (type png)
<use ../figures/ARA_Val.png>
Package pdftex.def Info: ../figures/ARA_Val.png  used on input line 55.
(pdftex.def)             Requested size: 346.89731pt x 170.28577pt.
<../figures/UPM_Val.png, id=689, 1110.0672pt x 544.9158pt>
File: ../figures/UPM_Val.png Graphic file (type png)
<use ../figures/UPM_Val.png>
Package pdftex.def Info: ../figures/UPM_Val.png  used on input line 56.
(pdftex.def)             Requested size: 346.89731pt x 170.28577pt.


Package caption Warning: The option `hypcap=true' will be ignored for this
(caption)                particular \caption on input line 58.
See the caption package documentation for explanation.

[34 <../figures/PHR_Val.png> <../figures/ARA_Val.png>]
<../figures/BTC_Val.png, id=697, 1110.0672pt x 544.9158pt>
File: ../figures/BTC_Val.png Graphic file (type png)
<use ../figures/BTC_Val.png>
Package pdftex.def Info: ../figures/BTC_Val.png  used on input line 65.
(pdftex.def)             Requested size: 346.89731pt x 170.28577pt.
<../figures/LTC_Val.png, id=698, 1011.78pt x 505.89pt>
File: ../figures/LTC_Val.png Graphic file (type png)
<use ../figures/LTC_Val.png>
Package pdftex.def Info: ../figures/LTC_Val.png  used on input line 66.
(pdftex.def)             Requested size: 346.89731pt x 173.45154pt.
<../figures/XRP_Val.png, id=699, 1011.78pt x 505.89pt>
File: ../figures/XRP_Val.png Graphic file (type png)
<use ../figures/XRP_Val.png>
Package pdftex.def Info: ../figures/XRP_Val.png  used on input line 67.
(pdftex.def)             Requested size: 346.89731pt x 173.45154pt.
 [35 <../figures/UPM_Val.png> <../figures/BTC_Val.png>]

Package caption Warning: The option `hypcap=true' will be ignored for this
(caption)                particular \caption on input line 69.
See the caption package documentation for explanation.

[36 <../figures/LTC_Val.png> <../figures/XRP_Val.png>] [37]
<../figures/JFC_TestAccuracy.png, id=730, 1110.0672pt x 544.9158pt>
File: ../figures/JFC_TestAccuracy.png Graphic file (type png)
<use ../figures/JFC_TestAccuracy.png>
Package pdftex.def Info: ../figures/JFC_TestAccuracy.png  used on input line 91
.
(pdftex.def)             Requested size: 346.89731pt x 170.28577pt.
<../figures/SMI_TestAccuracy.png, id=731, 1110.0672pt x 544.9158pt>
File: ../figures/SMI_TestAccuracy.png Graphic file (type png)
<use ../figures/SMI_TestAccuracy.png>
Package pdftex.def Info: ../figures/SMI_TestAccuracy.png  used on input line 92
.
(pdftex.def)             Requested size: 346.89731pt x 170.28577pt.
<../figures/AC_TestAccuracy.png, id=732, 1110.0672pt x 544.9158pt>
File: ../figures/AC_TestAccuracy.png Graphic file (type png)
<use ../figures/AC_TestAccuracy.png>
Package pdftex.def Info: ../figures/AC_TestAccuracy.png  used on input line 93.

(pdftex.def)             Requested size: 346.89731pt x 170.28577pt.
 [38 <../figures/JFC_TestAccuracy.png>]

Package caption Warning: The option `hypcap=true' will be ignored for this
(caption)                particular \caption on input line 95.
See the caption package documentation for explanation.

<../figures/JFC_FinancialAccuracy.png, id=738, 1011.78pt x 505.89pt>
File: ../figures/JFC_FinancialAccuracy.png Graphic file (type png)
<use ../figures/JFC_FinancialAccuracy.png>
Package pdftex.def Info: ../figures/JFC_FinancialAccuracy.png  used on input li
ne 100.
(pdftex.def)             Requested size: 346.89731pt x 173.45154pt.
<../figures/SMI_FinancialAccuracy.png, id=739, 1011.78pt x 505.89pt>
File: ../figures/SMI_FinancialAccuracy.png Graphic file (type png)
<use ../figures/SMI_FinancialAccuracy.png>
Package pdftex.def Info: ../figures/SMI_FinancialAccuracy.png  used on input li
ne 101.
(pdftex.def)             Requested size: 346.89731pt x 173.45154pt.
<../figures/AC_FinancialAccuracy.png, id=740, 1110.0672pt x 544.9158pt>
File: ../figures/AC_FinancialAccuracy.png Graphic file (type png)
<use ../figures/AC_FinancialAccuracy.png>
Package pdftex.def Info: ../figures/AC_FinancialAccuracy.png  used on input lin
e 102.
(pdftex.def)             Requested size: 346.89731pt x 170.28577pt.
[39 <../figures/SMI_TestAccuracy.png> <../figures/AC_TestAccuracy.png> <../figu
res/JFC_FinancialAccuracy.png>]

Package caption Warning: The option `hypcap=true' will be ignored for this
(caption)                particular \caption on input line 104.
See the caption package documentation for explanation.

[40 <../figures/SMI_FinancialAccuracy.png> <../figures/AC_FinancialAccuracy.png
>]
<../figures/UPM_TestAccuracy.png, id=757, 1011.78pt x 505.89pt>
File: ../figures/UPM_TestAccuracy.png Graphic file (type png)
<use ../figures/UPM_TestAccuracy.png>
Package pdftex.def Info: ../figures/UPM_TestAccuracy.png  used on input line 11
1.
(pdftex.def)             Requested size: 346.89731pt x 173.45154pt.
<../figures/PHR_TestAccuracy.png, id=758, 1110.0672pt x 544.9158pt>
File: ../figures/PHR_TestAccuracy.png Graphic file (type png)
<use ../figures/PHR_TestAccuracy.png>
Package pdftex.def Info: ../figures/PHR_TestAccuracy.png  used on input line 11
2.
(pdftex.def)             Requested size: 346.89731pt x 170.28577pt.
<../figures/ARA_TestAccuracy.png, id=759, 1110.0672pt x 544.9158pt>
File: ../figures/ARA_TestAccuracy.png Graphic file (type png)
<use ../figures/ARA_TestAccuracy.png>
Package pdftex.def Info: ../figures/ARA_TestAccuracy.png  used on input line 11
3.
(pdftex.def)             Requested size: 346.89731pt x 170.28577pt.


Package caption Warning: The option `hypcap=true' will be ignored for this
(caption)                particular \caption on input line 115.
See the caption package documentation for explanation.

<../figures/UPM_FinancialAccuracy.png, id=760, 1110.0672pt x 544.9158pt>
File: ../figures/UPM_FinancialAccuracy.png Graphic file (type png)
<use ../figures/UPM_FinancialAccuracy.png>
Package pdftex.def Info: ../figures/UPM_FinancialAccuracy.png  used on input li
ne 120.
(pdftex.def)             Requested size: 346.89731pt x 170.28577pt.
<../figures/PHR_FinancialAccuracy.png, id=761, 1110.0672pt x 544.9158pt>
File: ../figures/PHR_FinancialAccuracy.png Graphic file (type png)
<use ../figures/PHR_FinancialAccuracy.png>
Package pdftex.def Info: ../figures/PHR_FinancialAccuracy.png  used on input li
ne 121.
(pdftex.def)             Requested size: 346.89731pt x 170.28577pt.
<../figures/ARA_FinancialAccuracy.png, id=762, 1110.0672pt x 544.9158pt>
File: ../figures/ARA_FinancialAccuracy.png Graphic file (type png)
<use ../figures/ARA_FinancialAccuracy.png>
Package pdftex.def Info: ../figures/ARA_FinancialAccuracy.png  used on input li
ne 122.
(pdftex.def)             Requested size: 346.89731pt x 170.28577pt.
[41 <../figures/UPM_TestAccuracy.png> <../figures/PHR_TestAccuracy.png> <../fig
ures/ARA_TestAccuracy.png>]

Package caption Warning: The option `hypcap=true' will be ignored for this
(caption)                particular \caption on input line 124.
See the caption package documentation for explanation.

[42 <../figures/UPM_FinancialAccuracy.png> <../figures/PHR_FinancialAccuracy.pn
g> <../figures/ARA_FinancialAccuracy.png>]
<../figures/BTC_TestAccuracy.png, id=779, 1110.0672pt x 544.9158pt>
File: ../figures/BTC_TestAccuracy.png Graphic file (type png)
<use ../figures/BTC_TestAccuracy.png>
Package pdftex.def Info: ../figures/BTC_TestAccuracy.png  used on input line 13
1.
(pdftex.def)             Requested size: 346.89731pt x 170.28577pt.
<../figures/LTC_TestAccuracy.png, id=780, 1110.0672pt x 544.9158pt>
File: ../figures/LTC_TestAccuracy.png Graphic file (type png)
<use ../figures/LTC_TestAccuracy.png>
Package pdftex.def Info: ../figures/LTC_TestAccuracy.png  used on input line 13
2.
(pdftex.def)             Requested size: 346.89731pt x 170.28577pt.
<../figures/XRP_TestAccuracy.png, id=781, 1011.78pt x 505.89pt>
File: ../figures/XRP_TestAccuracy.png Graphic file (type png)
<use ../figures/XRP_TestAccuracy.png>
Package pdftex.def Info: ../figures/XRP_TestAccuracy.png  used on input line 13
3.
(pdftex.def)             Requested size: 346.89731pt x 173.45154pt.


Package caption Warning: The option `hypcap=true' will be ignored for this
(caption)                particular \caption on input line 135.
See the caption package documentation for explanation.

[43 <../figures/BTC_TestAccuracy.png> <../figures/LTC_TestAccuracy.png>]
<../figures/BTC_FinancialAccuracy.png, id=789, 1011.78pt x 505.89pt>
File: ../figures/BTC_FinancialAccuracy.png Graphic file (type png)
<use ../figures/BTC_FinancialAccuracy.png>
Package pdftex.def Info: ../figures/BTC_FinancialAccuracy.png  used on input li
ne 140.
(pdftex.def)             Requested size: 346.89731pt x 173.45154pt.
<../figures/LTC_FinancialAccuracy.png, id=790, 1011.78pt x 505.89pt>
File: ../figures/LTC_FinancialAccuracy.png Graphic file (type png)
<use ../figures/LTC_FinancialAccuracy.png>
Package pdftex.def Info: ../figures/LTC_FinancialAccuracy.png  used on input li
ne 141.
(pdftex.def)             Requested size: 346.89731pt x 173.45154pt.
<../figures/XRP_FinancialAccuracy.png, id=791, 1011.78pt x 505.89pt>
File: ../figures/XRP_FinancialAccuracy.png Graphic file (type png)
<use ../figures/XRP_FinancialAccuracy.png>
Package pdftex.def Info: ../figures/XRP_FinancialAccuracy.png  used on input li
ne 142.
(pdftex.def)             Requested size: 346.89731pt x 173.45154pt.


Package caption Warning: The option `hypcap=true' will be ignored for this
(caption)                particular \caption on input line 144.
See the caption package documentation for explanation.

[44 <../figures/XRP_TestAccuracy.png> <../figures/BTC_FinancialAccuracy.png> <.
./figures/LTC_FinancialAccuracy.png>] [45 <../figures/XRP_FinancialAccuracy.png
>] [46] [47] [48]
Overfull \hbox (16.88957pt too wide) in paragraph at lines 219--219
|\OT1/cmr/bx/n/14.4 Experiment 3: SHAP-Based In-ter-pre-ta-tion of CNN--MIC Acr
oss
 []

[49]
<../figures/AC_PredictedClassRowImportance.png, id=829, 650.43pt x 505.89pt>
File: ../figures/AC_PredictedClassRowImportance.png Graphic file (type png)
<use ../figures/AC_PredictedClassRowImportance.png>
Package pdftex.def Info: ../figures/AC_PredictedClassRowImportance.png  used on
 input line 229.
(pdftex.def)             Requested size: 433.62pt x 337.26945pt.
 [50 <../figures/AC_PredictedClassRowImportance.png>]) [51]
:<-
:<+ chapter5.tex
\openout2 = `chapter5.aux'.

(./chapter5.tex
Chapter 5.
[52




]) [53]
:<-
:<+ appendix.tex
\openout2 = `appendix.aux'.

(./appendix.tex
Appendix A.

Package caption Warning: The option `hypcap=true' will be ignored for this
(caption)                particular \caption on input line 8.
See the caption package documentation for explanation.


Package caption Warning: The option `hypcap=true' will be ignored for this
(caption)                particular \caption on input line 43.
See the caption package documentation for explanation.

[54




]

Package caption Warning: The option `hypcap=true' will be ignored for this
(caption)                particular \caption on input line 73.
See the caption package documentation for explanation.


Package caption Warning: The option `hypcap=true' will be ignored for this
(caption)                particular \caption on input line 103.
See the caption package documentation for explanation.

[55]

Package caption Warning: The option `hypcap=true' will be ignored for this
(caption)                particular \caption on input line 135.
See the caption package documentation for explanation.


Package caption Warning: The option `hypcap=true' will be ignored for this
(caption)                particular \caption on input line 165.
See the caption package documentation for explanation.

[56]

Package caption Warning: The option `hypcap=true' will be ignored for this
(caption)                particular \caption on input line 195.
See the caption package documentation for explanation.


Package caption Warning: The option `hypcap=true' will be ignored for this
(caption)                particular \caption on input line 225.
See the caption package documentation for explanation.

[57]

Package caption Warning: The option `hypcap=true' will be ignored for this
(caption)                particular \caption on input line 261.
See the caption package documentation for explanation.


Package caption Warning: The option `hypcap=true' will be ignored for this
(caption)                particular \caption on input line 297.
See the caption package documentation for explanation.

[58]
<../figures/SMI_PredictedClassRowImportance.png, id=870, 650.43pt x 505.89pt>
File: ../figures/SMI_PredictedClassRowImportance.png Graphic file (type png)
<use ../figures/SMI_PredictedClassRowImportance.png>
Package pdftex.def Info: ../figures/SMI_PredictedClassRowImportance.png  used o
n input line 337.
(pdftex.def)             Requested size: 138.76157pt x 107.92282pt.
<../figures/JFC_PredictedClassRowImportance.png, id=871, 650.43pt x 505.89pt>
File: ../figures/JFC_PredictedClassRowImportance.png Graphic file (type png)
<use ../figures/JFC_PredictedClassRowImportance.png>
Package pdftex.def Info: ../figures/JFC_PredictedClassRowImportance.png  used o
n input line 338.
(pdftex.def)             Requested size: 138.76157pt x 107.92282pt.
File: ../figures/AC_PredictedClassRowImportance.png Graphic file (type png)
<use ../figures/AC_PredictedClassRowImportance.png>
Package pdftex.def Info: ../figures/AC_PredictedClassRowImportance.png  used on
 input line 339.
(pdftex.def)             Requested size: 138.76157pt x 107.92282pt.


Package caption Warning: The option `hypcap=true' will be ignored for this
(caption)                particular \caption on input line 341.
See the caption package documentation for explanation.

<../figures/PHR_PredictedClassRowImportance.png, id=872, 650.43pt x 505.89pt>
File: ../figures/PHR_PredictedClassRowImportance.png Graphic file (type png)
<use ../figures/PHR_PredictedClassRowImportance.png>
Package pdftex.def Info: ../figures/PHR_PredictedClassRowImportance.png  used o
n input line 346.
(pdftex.def)             Requested size: 138.76157pt x 107.92282pt.
<../figures/UPM_PredictedClassRowImportance.png, id=873, 650.43pt x 505.89pt>
File: ../figures/UPM_PredictedClassRowImportance.png Graphic file (type png)
<use ../figures/UPM_PredictedClassRowImportance.png>
Package pdftex.def Info: ../figures/UPM_PredictedClassRowImportance.png  used o
n input line 347.
(pdftex.def)             Requested size: 138.76157pt x 107.92282pt.
<../figures/ARA_PredictedClassRowImportance.png, id=874, 650.43pt x 505.89pt>
File: ../figures/ARA_PredictedClassRowImportance.png Graphic file (type png)
<use ../figures/ARA_PredictedClassRowImportance.png>
Package pdftex.def Info: ../figures/ARA_PredictedClassRowImportance.png  used o
n input line 348.
(pdftex.def)             Requested size: 138.76157pt x 107.92282pt.

Package caption Warning: The option `hypcap=true' will be ignored for this
(caption)                particular \caption on input line 350.
See the caption package documentation for explanation.

[59 <../figures/SMI_PredictedClassRowImportance.png> <../figures/JFC_PredictedC
lassRowImportance.png>]
<../figures/BTC_PredictedClassRowImportance.png, id=881, 650.43pt x 505.89pt>
File: ../figures/BTC_PredictedClassRowImportance.png Graphic file (type png)
<use ../figures/BTC_PredictedClassRowImportance.png>
Package pdftex.def Info: ../figures/BTC_PredictedClassRowImportance.png  used o
n input line 355.
(pdftex.def)             Requested size: 138.76157pt x 107.92282pt.
<../figures/LTC_PredictedClassRowImportance.png, id=882, 650.43pt x 505.89pt>
File: ../figures/LTC_PredictedClassRowImportance.png Graphic file (type png)
<use ../figures/LTC_PredictedClassRowImportance.png>
Package pdftex.def Info: ../figures/LTC_PredictedClassRowImportance.png  used o
n input line 356.
(pdftex.def)             Requested size: 138.76157pt x 107.92282pt.
<../figures/XRP_PredictedClassRowImportance.png, id=883, 650.43pt x 505.89pt>
File: ../figures/XRP_PredictedClassRowImportance.png Graphic file (type png)
<use ../figures/XRP_PredictedClassRowImportance.png>
Package pdftex.def Info: ../figures/XRP_PredictedClassRowImportance.png  used o
n input line 357.
(pdftex.def)             Requested size: 138.76157pt x 107.92282pt.


Package caption Warning: The option `hypcap=true' will be ignored for this
(caption)                particular \caption on input line 359.
See the caption package documentation for explanation.


Package hyperref Warning: The anchor of a bookmark and its parent's must not
(hyperref)                be the same. Added a new anchor on input line 366.


Package caption Warning: The option `hypcap=true' will be ignored for this
(caption)                particular \caption on input line 372.
See the caption package documentation for explanation.

[60 <../figures/PHR_PredictedClassRowImportance.png> <../figures/UPM_PredictedC
lassRowImportance.png> <../figures/ARA_PredictedClassRowImportance.png> <../fig
ures/BTC_PredictedClassRowImportance.png> <../figures/LTC_PredictedClassRowImpo
rtance.png> <../figures/XRP_PredictedClassRowImportance.png>]

Package caption Warning: The option `hypcap=true' will be ignored for this
(caption)                particular \caption on input line 402.
See the caption package documentation for explanation.

[61]

Package caption Warning: The option `hypcap=true' will be ignored for this
(caption)                particular \caption on input line 431.
See the caption package documentation for explanation.

[62]

Package caption Warning: The option `hypcap=true' will be ignored for this
(caption)                particular \caption on input line 462.
See the caption package documentation for explanation.


Package caption Warning: The option `hypcap=true' will be ignored for this
(caption)                particular \caption on input line 492.
See the caption package documentation for explanation.

[63]

Package caption Warning: The option `hypcap=true' will be ignored for this
(caption)                particular \caption on input line 520.
See the caption package documentation for explanation.

[64]

Package caption Warning: The option `hypcap=true' will be ignored for this
(caption)                particular \caption on input line 550.
See the caption package documentation for explanation.


Package caption Warning: The option `hypcap=true' will be ignored for this
(caption)                particular \caption on input line 580.
See the caption package documentation for explanation.

[65]

Package caption Warning: The option `hypcap=true' will be ignored for this
(caption)                particular \caption on input line 609.
See the caption package documentation for explanation.

) [66] [67]
:<-

Overfull \hbox (4.26448pt too wide) in paragraph at lines 182--182
\OT1/cmr/m/n/12 di-ca-tor clus-ter-ing and resid-ual blocks''. In: \OT1/cmr/m/i
t/12 Soft Com-put-ing \OT1/cmr/m/n/12 25.7 (2021), pp. 5151{
 []

[68



] [69] [70] [71] (./thesis.aux (./acknowl.aux) (./abstract.aux)
(./chapter1.aux) (./chapter2.aux) (./chapter3.aux) (./chapter4.aux)
(./chapter5.aux) (./appendix.aux))
 ***********
LaTeX2e <2025-11-01>
L3 programming layer <2025-11-06>
 ***********
Package rerunfilecheck Info: File `thesis.out' has not changed.
(rerunfilecheck)             Checksum: C33AA2DDD881215E5481F98B09D256C8;9091.
Package logreq Info: Writing requests to 'thesis.run.xml'.
\openout1 = `thesis.run.xml'.

 )
(\end occurred when \iffalse on line 137 was incomplete)
(\end occurred when \iftrue on line 137 was incomplete) 
Here is how much of TeX's memory you used:
 27197 strings out of 467538
 526643 string characters out of 5423724
 1374467 words of memory out of 5000000
 55555 multiletter control sequences out of 15000+600000
 642034 words of font info for 99 fonts, out of 8000000 for 9000
 1141 hyphenation exceptions out of 8191
 75i,12n,83p,1784b,2063s stack positions out of 10000i,1000n,20000p,200000b,200000s
<c:/texlive/2025/texmf-d
ist/fonts/type1/public/amsfonts/cm/cmbx10.pfb><c:/texlive/2025/texmf-dist/fonts
/type1/public/amsfonts/cm/cmbx12.pfb><c:/texlive/2025/texmf-dist/fonts/type1/pu
blic/amsfonts/cm/cmbxti10.pfb><c:/texlive/2025/texmf-dist/fonts/type1/public/am
sfonts/cm/cmcsc10.pfb><c:/texlive/2025/texmf-dist/fonts/type1/public/amsfonts/c
m/cmex10.pfb><c:/texlive/2025/texmf-dist/fonts/type1/public/amsfonts/cm/cmmi10.
pfb><c:/texlive/2025/texmf-dist/fonts/type1/public/amsfonts/cm/cmmi12.pfb><c:/t
exlive/2025/texmf-dist/fonts/type1/public/amsfonts/cm/cmmi6.pfb><c:/texlive/202
5/texmf-dist/fonts/type1/public/amsfonts/cm/cmmi8.pfb><c:/texlive/2025/texmf-di
st/fonts/type1/public/amsfonts/cm/cmr10.pfb><c:/texlive/2025/texmf-dist/fonts/t
ype1/public/amsfonts/cm/cmr12.pfb><c:/texlive/2025/texmf-dist/fonts/type1/publi
c/amsfonts/cm/cmr8.pfb><c:/texlive/2025/texmf-dist/fonts/type1/public/amsfonts/
cm/cmsy10.pfb><c:/texlive/2025/texmf-dist/fonts/type1/public/amsfonts/cm/cmsy8.
pfb><c:/texlive/2025/texmf-dist/fonts/type1/public/amsfonts/cm/cmti12.pfb><c:/t
exlive/2025/texmf-dist/fonts/type1/public/amsfonts/cm/cmtt10.pfb><c:/texlive/20
25/texmf-dist/fonts/type1/public/amsfonts/cm/cmtt12.pfb><c:/texlive/2025/texmf-
dist/fonts/type1/public/amsfonts/symbols/msbm10.pfb><c:/texlive/2025/texmf-dist
/fonts/type1/public/cm-super/sfrm1200.pfb>
Output written on thesis.pdf (83 pages, 2717861 bytes).
PDF statistics:
 1097 PDF objects out of 1200 (max. 8388607)
 883 compressed objects within 9 object streams
 202 named destinations out of 1000 (max. 500000)
 590 words of extra memory for PDF output out of 10000 (max. 10000000)

